// Jest Snapshot v1, https://goo.gl/fbAQLP

exports[`renders NotFoundPage 1`] = `
<div>
  <h1>
    Page Not Found.
  </h1>
  <p>
    No page exists at 
    <code>
      /foobar-not-found-path
    </code>
    .
  </p>
  <p>
    <button
      class="sc-bwzfXH gBzjSr"
      type="button"
    >
      Start Over
    </button>
  </p>
</div>
`;
